// Jest Snapshot v1, https://goo.gl/fbAQLP

exports[`The Resume component. Matches the snapshot. 1`] = `
.emotion-28 {
  display: grid;
  grid-template-columns: 1fr;
  grid-template-rows: repeat(auto-fill,auto);
  -webkit-column-gap: 2rem;
  column-gap: 2rem;
  row-gap: 2rem;
}

@media (min-width:720px) {
  .emotion-28 {
    grid-template-columns: 1fr 1fr;
  }
}

@media (min-width:1080px) {
  .emotion-28 {
    grid-template-columns: 1fr 1fr 1fr;
  }
}

@media (min-width:1440px) {
  .emotion-28 {
    grid-template-columns: 1fr 1fr 1fr 1fr;
  }
}

.emotion-11 {
  display: block;
  margin: 0;
  padding: 0;
  width: auto;
  height: auto;
}

.emotion-10 {
  display: -webkit-inline-box;
  display: -webkit-inline-flex;
  display: -ms-inline-flexbox;
  display: inline-flex;
  width: 100%;
  height: auto;
  position: relative;
  padding: 1px;
  margin: 0rem;
  overflow: hidden;
  background-color: hsla(0,0%,14%,1);
  background-image: linear-gradient( 170deg, hsla(0,0%,30%,1), hsla(0,0%,10%,1), hsla(0,0%,17%,1) );
  box-shadow: 0.4rem 0.8rem 2rem 0rem hsla(0,0%,0%,0.5);
}

.emotion-9 {
  display: block;
  width: 100%;
  height: 100%;
  margin: 0rem;
  padding: 0rem;
  background-color: hsla(0,0%,14%,1);
  background-image: linear-gradient( 170deg, hsla(0,0%,14%,1), hsla(0,0%,8%,1) );
}

.emotion-8 {
  padding: 2rem;
}

.emotion-0 {
  font-family: "Open Sans",sans-serif;
  font-size: 1.8rem;
  font-weight: 300;
  margin-bottom: 2rem;
}

.emotion-1 {
  font-family: "Open Sans",sans-serif;
  font-size: 1.4rem;
  font-weight: 300;
  margin-bottom: calc(2rem / 2);
}

.emotion-7 {
  padding-bottom: calc(2rem * 0.5);
  margin-bottom: 2rem;
  border-bottom: thin solid hsla(48,7%,30%,1);
}

.emotion-7:last-of-type {
  border-bottom: none;
  padding-bottom: 0;
  margin-bottom: 0;
}

.emotion-2 {
  font-family: "Open Sans",sans-serif;
  font-size: 1rem;
  font-weight: 400;
  margin-bottom: 1rem;
}

.emotion-3 {
  display: inline-block;
  font-family: "Open Sans",sans-serif;
  font-style: italic;
  font-weight: 400;
  color: hsla(0,0%,70%,1);
  padding-bottom: calc(2rem / 2);
  margin-bottom: calc(2rem / 2);
  border-bottom: thin dotted hsla(48,7%,30%,1);
}

.emotion-6 {
  list-style-type: circle;
}

.emotion-4 {
  display: list-item;
  font-family: "Open Sans",sans-serif;
  font-weight: 400;
  line-height: 1.6rem;
  padding-left: 0.5rem;
  margin-left: 2rem;
  margin-bottom: calc(2rem / 2);
}

.emotion-4::before {
  right: 1rem;
  opacity: 0.5;
}

<section
  class="emotion-28"
>
  <article
    class="emotion-11"
    data-testid="article"
  >
    <div
      class="emotion-10"
    >
      <div
        class="emotion-9"
      >
        <div
          class="emotion-8"
        >
          <h3
            class="emotion-0"
            data-testid="article__title"
          >
            Work Experience
          </h3>
          <div
            data-testid="article__children"
          >
            <dl
              title="Work Experience"
            >
              <dt
                class="emotion-1"
                data-testid="occupation__job-title"
              >
                foo
              </dt>
              <dd
                class="emotion-7"
                data-testid="occupation__job-description"
              >
                <p
                  class="emotion-2"
                >
                  bar
                </p>
                <p
                  class="emotion-3"
                >
                  Jan 2020 - Dec 2020
                </p>
                <ul
                  class="emotion-6"
                  data-testid="unordered-list"
                  title="Responsibilities"
                >
                  <li
                    class="emotion-4"
                    data-testid="unordered-list__item"
                  >
                    Foo
                  </li>
                  <li
                    class="emotion-4"
                    data-testid="unordered-list__item"
                  >
                    Bar
                  </li>
                </ul>
              </dd>
            </dl>
          </div>
        </div>
      </div>
    </div>
  </article>
  <article
    class="emotion-11"
    data-testid="article"
  >
    <div
      class="emotion-10"
    >
      <div
        class="emotion-9"
      >
        <div
          class="emotion-8"
        >
          <h3
            class="emotion-0"
            data-testid="article__title"
          >
            Languages
          </h3>
          <div
            data-testid="article__children"
          >
            <ul
              class="emotion-6"
              data-testid="unordered-list"
              title="Languages"
            />
          </div>
        </div>
      </div>
    </div>
  </article>
  <article
    class="emotion-11"
    data-testid="article"
  >
    <div
      class="emotion-10"
    >
      <div
        class="emotion-9"
      >
        <div
          class="emotion-8"
        >
          <h3
            class="emotion-0"
            data-testid="article__title"
          >
            Practices
          </h3>
          <div
            data-testid="article__children"
          >
            <ul
              class="emotion-6"
              data-testid="unordered-list"
              title="Practices"
            >
              <li
                class="emotion-4"
                data-testid="unordered-list__item"
              >
                OOP
              </li>
              <li
                class="emotion-4"
                data-testid="unordered-list__item"
              >
                SCRUM
              </li>
              <li
                class="emotion-4"
                data-testid="unordered-list__item"
              >
                TDD
              </li>
              <li
                class="emotion-4"
                data-testid="unordered-list__item"
              >
                AGILE
              </li>
            </ul>
          </div>
        </div>
      </div>
    </div>
  </article>
</section>
`;
